  Determining projects to restore...
  All projects are up-to-date for restore.
C:\Program Files\dotnet\sdk\10.0.300-preview.0.26177.108\Sdks\Microsoft.NET.Sdk\targets\Microsoft.NET.RuntimeIdentifierInference.targets(383,5): message NETSDK1057: You are using a preview version of .NET. See: https://aka.ms/dotnet-support-policy [d:\REPOSITORIO\TCU\SistemaLaCasaDeLosNinos\CasaDeLosNinos.Interfaz\CasaDeLosNinos.Interfaz.csproj]
C:\Program Files\dotnet\sdk\10.0.300-preview.0.26177.108\Sdks\Microsoft.NET.Sdk\targets\Microsoft.NET.RuntimeIdentifierInference.targets(383,5): message NETSDK1057: You are using a preview version of .NET. See: https://aka.ms/dotnet-support-policy [d:\REPOSITORIO\TCU\SistemaLaCasaDeLosNinos\CasaDeLosNinos.Dominio\CasaDeLosNinos.Dominio.csproj]
C:\Program Files\dotnet\sdk\10.0.300-preview.0.26177.108\Sdks\Microsoft.NET.Sdk\targets\Microsoft.NET.RuntimeIdentifierInference.targets(383,5): message NETSDK1057: You are using a preview version of .NET. See: https://aka.ms/dotnet-support-policy [d:\REPOSITORIO\TCU\SistemaLaCasaDeLosNinos\CasaDeLosNinos.Datos\CasaDeLosNinos.Datos.csproj]
  CasaDeLosNinos.Dominio -> d:\REPOSITORIO\TCU\SistemaLaCasaDeLosNinos\CasaDeLosNinos.Dominio\bin\Debug\net8.0\CasaDeLosNinos.Dominio.dll
  CasaDeLosNinos.Aplicacion -> d:\REPOSITORIO\TCU\SistemaLaCasaDeLosNinos\CasaDeLosNinos.Aplicacion\bin\Debug\net8.0\CasaDeLosNinos.Aplicacion.dll
  CasaDeLosNinos.Datos -> d:\REPOSITORIO\TCU\SistemaLaCasaDeLosNinos\CasaDeLosNinos.Datos\bin\Debug\net8.0\CasaDeLosNinos.Datos.dll
d:\REPOSITORIO\TCU\SistemaLaCasaDeLosNinos\CasaDeLosNinos.Interfaz\Formularios\FormPrincipal.cs(29,16): warning CS8618: Non-nullable field 'currentBtn' must contain a non-null value when exiting constructor. Consider adding the 'required' modifier or declaring the field as nullable. [d:\REPOSITORIO\TCU\SistemaLaCasaDeLosNinos\CasaDeLosNinos.Interfaz\CasaDeLosNinos.Interfaz.csproj]
d:\REPOSITORIO\TCU\SistemaLaCasaDeLosNinos\CasaDeLosNinos.Interfaz\Formularios\FormPrincipal.cs(29,16): warning CS8618: Non-nullable field 'currentChildForm' must contain a non-null value when exiting constructor. Consider adding the 'required' modifier or declaring the field as nullable. [d:\REPOSITORIO\TCU\SistemaLaCasaDeLosNinos\CasaDeLosNinos.Interfaz\CasaDeLosNinos.Interfaz.csproj]
d:\REPOSITORIO\TCU\SistemaLaCasaDeLosNinos\CasaDeLosNinos.Interfaz\Formularios\FormPrincipal.cs(29,16): warning CS8618: Non-nullable field '_themeMenu' must contain a non-null value when exiting constructor. Consider adding the 'required' modifier or declaring the field as nullable. [d:\REPOSITORIO\TCU\SistemaLaCasaDeLosNinos\CasaDeLosNinos.Interfaz\CasaDeLosNinos.Interfaz.csproj]
d:\REPOSITORIO\TCU\SistemaLaCasaDeLosNinos\CasaDeLosNinos.Interfaz\Estilos\ThemeEngine.cs(38,28): warning CS8622: Nullability of reference types in type of parameter 'sender' of 'void ThemeEngine.PanelTitleBar_Paint(object sender, PaintEventArgs e)' doesn't match the target delegate 'PaintEventHandler' (possibly because of nullability attributes). [d:\REPOSITORIO\TCU\SistemaLaCasaDeLosNinos\CasaDeLosNinos.Interfaz\CasaDeLosNinos.Interfaz.csproj]
d:\REPOSITORIO\TCU\SistemaLaCasaDeLosNinos\CasaDeLosNinos.Interfaz\Estilos\ThemeEngine.cs(39,28): warning CS8622: Nullability of reference types in type of parameter 'sender' of 'void ThemeEngine.PanelTitleBar_Paint(object sender, PaintEventArgs e)' doesn't match the target delegate 'PaintEventHandler' (possibly because of nullability attributes). [d:\REPOSITORIO\TCU\SistemaLaCasaDeLosNinos\CasaDeLosNinos.Interfaz\CasaDeLosNinos.Interfaz.csproj]
d:\REPOSITORIO\TCU\SistemaLaCasaDeLosNinos\CasaDeLosNinos.Interfaz\Formularios\FrmEdicionCajaChica.cs(139,72): error CS1061: 'FrmCapturaFoto' does not contain a definition for 'FotoCapturada' and no accessible extension method 'FotoCapturada' accepting a first argument of type 'FrmCapturaFoto' could be found (are you missing a using directive or an assembly reference?) [d:\REPOSITORIO\TCU\SistemaLaCasaDeLosNinos\CasaDeLosNinos.Interfaz\CasaDeLosNinos.Interfaz.csproj]
d:\REPOSITORIO\TCU\SistemaLaCasaDeLosNinos\CasaDeLosNinos.Interfaz\Formularios\FrmEdicionCajaChica.cs(145,29): error CS1061: 'FrmCapturaFoto' does not contain a definition for 'FotoCapturada' and no accessible extension method 'FotoCapturada' accepting a first argument of type 'FrmCapturaFoto' could be found (are you missing a using directive or an assembly reference?) [d:\REPOSITORIO\TCU\SistemaLaCasaDeLosNinos\CasaDeLosNinos.Interfaz\CasaDeLosNinos.Interfaz.csproj]
d:\REPOSITORIO\TCU\SistemaLaCasaDeLosNinos\CasaDeLosNinos.Interfaz\Formularios\FrmEdicionCajaChica.cs(148,41): error CS0246: The type or namespace name 'Foto' could not be found (are you missing a using directive or an assembly reference?) [d:\REPOSITORIO\TCU\SistemaLaCasaDeLosNinos\CasaDeLosNinos.Interfaz\CasaDeLosNinos.Interfaz.csproj]
d:\REPOSITORIO\TCU\SistemaLaCasaDeLosNinos\CasaDeLosNinos.Interfaz\Formularios\FrmEdicionCajaChica.cs(160,47): error CS1061: 'FrmCapturaFoto' does not contain a definition for 'FotoCapturada' and no accessible extension method 'FotoCapturada' accepting a first argument of type 'FrmCapturaFoto' could be found (are you missing a using directive or an assembly reference?) [d:\REPOSITORIO\TCU\SistemaLaCasaDeLosNinos\CasaDeLosNinos.Interfaz\CasaDeLosNinos.Interfaz.csproj]
d:\REPOSITORIO\TCU\SistemaLaCasaDeLosNinos\CasaDeLosNinos.Interfaz\Formularios\FrmEdicionCajaChica.cs(187,42): error CS1061: 'byte[]' does not contain a definition for 'Datos' and no accessible extension method 'Datos' accepting a first argument of type 'byte[]' could be found (are you missing a using directive or an assembly reference?) [d:\REPOSITORIO\TCU\SistemaLaCasaDeLosNinos\CasaDeLosNinos.Interfaz\CasaDeLosNinos.Interfaz.csproj]
d:\REPOSITORIO\TCU\SistemaLaCasaDeLosNinos\CasaDeLosNinos.Interfaz\Formularios\FrmEdicionCajaChica.cs(187,64): error CS1061: 'byte[]' does not contain a definition for 'Datos' and no accessible extension method 'Datos' accepting a first argument of type 'byte[]' could be found (are you missing a using directive or an assembly reference?) [d:\REPOSITORIO\TCU\SistemaLaCasaDeLosNinos\CasaDeLosNinos.Interfaz\CasaDeLosNinos.Interfaz.csproj]
d:\REPOSITORIO\TCU\SistemaLaCasaDeLosNinos\CasaDeLosNinos.Interfaz\Formularios\FrmEdicionCajaChica.cs(189,58): error CS1061: 'byte[]' does not contain a definition for 'Datos' and no accessible extension method 'Datos' accepting a first argument of type 'byte[]' could be found (are you missing a using directive or an assembly reference?) [d:\REPOSITORIO\TCU\SistemaLaCasaDeLosNinos\CasaDeLosNinos.Interfaz\CasaDeLosNinos.Interfaz.csproj]
d:\REPOSITORIO\TCU\SistemaLaCasaDeLosNinos\CasaDeLosNinos.Interfaz\Formularios\FrmGestionUsuarios.cs(45,21): warning CS8602: Dereference of a possibly null reference. [d:\REPOSITORIO\TCU\SistemaLaCasaDeLosNinos\CasaDeLosNinos.Interfaz\CasaDeLosNinos.Interfaz.csproj]
d:\REPOSITORIO\TCU\SistemaLaCasaDeLosNinos\CasaDeLosNinos.Interfaz\Formularios\FrmGestionCajaChica.cs(160,25): warning CS8602: Dereference of a possibly null reference. [d:\REPOSITORIO\TCU\SistemaLaCasaDeLosNinos\CasaDeLosNinos.Interfaz\CasaDeLosNinos.Interfaz.csproj]
d:\REPOSITORIO\TCU\SistemaLaCasaDeLosNinos\CasaDeLosNinos.Interfaz\Formularios\FrmGestionCajaChica.cs(171,25): warning CS8602: Dereference of a possibly null reference. [d:\REPOSITORIO\TCU\SistemaLaCasaDeLosNinos\CasaDeLosNinos.Interfaz\CasaDeLosNinos.Interfaz.csproj]
d:\REPOSITORIO\TCU\SistemaLaCasaDeLosNinos\CasaDeLosNinos.Interfaz\Formularios\FrmGestionUsuarios.cs(146,64): warning CS8602: Dereference of a possibly null reference. [d:\REPOSITORIO\TCU\SistemaLaCasaDeLosNinos\CasaDeLosNinos.Interfaz\CasaDeLosNinos.Interfaz.csproj]
d:\REPOSITORIO\TCU\SistemaLaCasaDeLosNinos\CasaDeLosNinos.Interfaz\Formularios\FrmGestionVoluntarios.cs(160,21): warning CS8602: Dereference of a possibly null reference. [d:\REPOSITORIO\TCU\SistemaLaCasaDeLosNinos\CasaDeLosNinos.Interfaz\CasaDeLosNinos.Interfaz.csproj]

Build FAILED.

d:\REPOSITORIO\TCU\SistemaLaCasaDeLosNinos\CasaDeLosNinos.Interfaz\Formularios\FormPrincipal.cs(29,16): warning CS8618: Non-nullable field 'currentBtn' must contain a non-null value when exiting constructor. Consider adding the 'required' modifier or declaring the field as nullable. [d:\REPOSITORIO\TCU\SistemaLaCasaDeLosNinos\CasaDeLosNinos.Interfaz\CasaDeLosNinos.Interfaz.csproj]
d:\REPOSITORIO\TCU\SistemaLaCasaDeLosNinos\CasaDeLosNinos.Interfaz\Formularios\FormPrincipal.cs(29,16): warning CS8618: Non-nullable field 'currentChildForm' must contain a non-null value when exiting constructor. Consider adding the 'required' modifier or declaring the field as nullable. [d:\REPOSITORIO\TCU\SistemaLaCasaDeLosNinos\CasaDeLosNinos.Interfaz\CasaDeLosNinos.Interfaz.csproj]
d:\REPOSITORIO\TCU\SistemaLaCasaDeLosNinos\CasaDeLosNinos.Interfaz\Formularios\FormPrincipal.cs(29,16): warning CS8618: Non-nullable field '_themeMenu' must contain a non-null value when exiting constructor. Consider adding the 'required' modifier or declaring the field as nullable. [d:\REPOSITORIO\TCU\SistemaLaCasaDeLosNinos\CasaDeLosNinos.Interfaz\CasaDeLosNinos.Interfaz.csproj]
d:\REPOSITORIO\TCU\SistemaLaCasaDeLosNinos\CasaDeLosNinos.Interfaz\Estilos\ThemeEngine.cs(38,28): warning CS8622: Nullability of reference types in type of parameter 'sender' of 'void ThemeEngine.PanelTitleBar_Paint(object sender, PaintEventArgs e)' doesn't match the target delegate 'PaintEventHandler' (possibly because of nullability attributes). [d:\REPOSITORIO\TCU\SistemaLaCasaDeLosNinos\CasaDeLosNinos.Interfaz\CasaDeLosNinos.Interfaz.csproj]
d:\REPOSITORIO\TCU\SistemaLaCasaDeLosNinos\CasaDeLosNinos.Interfaz\Estilos\ThemeEngine.cs(39,28): warning CS8622: Nullability of reference types in type of parameter 'sender' of 'void ThemeEngine.PanelTitleBar_Paint(object sender, PaintEventArgs e)' doesn't match the target delegate 'PaintEventHandler' (possibly because of nullability attributes). [d:\REPOSITORIO\TCU\SistemaLaCasaDeLosNinos\CasaDeLosNinos.Interfaz\CasaDeLosNinos.Interfaz.csproj]
d:\REPOSITORIO\TCU\SistemaLaCasaDeLosNinos\CasaDeLosNinos.Interfaz\Formularios\FrmGestionUsuarios.cs(45,21): warning CS8602: Dereference of a possibly null reference. [d:\REPOSITORIO\TCU\SistemaLaCasaDeLosNinos\CasaDeLosNinos.Interfaz\CasaDeLosNinos.Interfaz.csproj]
d:\REPOSITORIO\TCU\SistemaLaCasaDeLosNinos\CasaDeLosNinos.Interfaz\Formularios\FrmGestionCajaChica.cs(160,25): warning CS8602: Dereference of a possibly null reference. [d:\REPOSITORIO\TCU\SistemaLaCasaDeLosNinos\CasaDeLosNinos.Interfaz\CasaDeLosNinos.Interfaz.csproj]
d:\REPOSITORIO\TCU\SistemaLaCasaDeLosNinos\CasaDeLosNinos.Interfaz\Formularios\FrmGestionCajaChica.cs(171,25): warning CS8602: Dereference of a possibly null reference. [d:\REPOSITORIO\TCU\SistemaLaCasaDeLosNinos\CasaDeLosNinos.Interfaz\CasaDeLosNinos.Interfaz.csproj]
d:\REPOSITORIO\TCU\SistemaLaCasaDeLosNinos\CasaDeLosNinos.Interfaz\Formularios\FrmGestionUsuarios.cs(146,64): warning CS8602: Dereference of a possibly null reference. [d:\REPOSITORIO\TCU\SistemaLaCasaDeLosNinos\CasaDeLosNinos.Interfaz\CasaDeLosNinos.Interfaz.csproj]
d:\REPOSITORIO\TCU\SistemaLaCasaDeLosNinos\CasaDeLosNinos.Interfaz\Formularios\FrmGestionVoluntarios.cs(160,21): warning CS8602: Dereference of a possibly null reference. [d:\REPOSITORIO\TCU\SistemaLaCasaDeLosNinos\CasaDeLosNinos.Interfaz\CasaDeLosNinos.Interfaz.csproj]
d:\REPOSITORIO\TCU\SistemaLaCasaDeLosNinos\CasaDeLosNinos.Interfaz\Formularios\FrmEdicionCajaChica.cs(139,72): error CS1061: 'FrmCapturaFoto' does not contain a definition for 'FotoCapturada' and no accessible extension method 'FotoCapturada' accepting a first argument of type 'FrmCapturaFoto' could be found (are you missing a using directive or an assembly reference?) [d:\REPOSITORIO\TCU\SistemaLaCasaDeLosNinos\CasaDeLosNinos.Interfaz\CasaDeLosNinos.Interfaz.csproj]
d:\REPOSITORIO\TCU\SistemaLaCasaDeLosNinos\CasaDeLosNinos.Interfaz\Formularios\FrmEdicionCajaChica.cs(145,29): error CS1061: 'FrmCapturaFoto' does not contain a definition for 'FotoCapturada' and no accessible extension method 'FotoCapturada' accepting a first argument of type 'FrmCapturaFoto' could be found (are you missing a using directive or an assembly reference?) [d:\REPOSITORIO\TCU\SistemaLaCasaDeLosNinos\CasaDeLosNinos.Interfaz\CasaDeLosNinos.Interfaz.csproj]
d:\REPOSITORIO\TCU\SistemaLaCasaDeLosNinos\CasaDeLosNinos.Interfaz\Formularios\FrmEdicionCajaChica.cs(148,41): error CS0246: The type or namespace name 'Foto' could not be found (are you missing a using directive or an assembly reference?) [d:\REPOSITORIO\TCU\SistemaLaCasaDeLosNinos\CasaDeLosNinos.Interfaz\CasaDeLosNinos.Interfaz.csproj]
d:\REPOSITORIO\TCU\SistemaLaCasaDeLosNinos\CasaDeLosNinos.Interfaz\Formularios\FrmEdicionCajaChica.cs(160,47): error CS1061: 'FrmCapturaFoto' does not contain a definition for 'FotoCapturada' and no accessible extension method 'FotoCapturada' accepting a first argument of type 'FrmCapturaFoto' could be found (are you missing a using directive or an assembly reference?) [d:\REPOSITORIO\TCU\SistemaLaCasaDeLosNinos\CasaDeLosNinos.Interfaz\CasaDeLosNinos.Interfaz.csproj]
d:\REPOSITORIO\TCU\SistemaLaCasaDeLosNinos\CasaDeLosNinos.Interfaz\Formularios\FrmEdicionCajaChica.cs(187,42): error CS1061: 'byte[]' does not contain a definition for 'Datos' and no accessible extension method 'Datos' accepting a first argument of type 'byte[]' could be found (are you missing a using directive or an assembly reference?) [d:\REPOSITORIO\TCU\SistemaLaCasaDeLosNinos\CasaDeLosNinos.Interfaz\CasaDeLosNinos.Interfaz.csproj]
d:\REPOSITORIO\TCU\SistemaLaCasaDeLosNinos\CasaDeLosNinos.Interfaz\Formularios\FrmEdicionCajaChica.cs(187,64): error CS1061: 'byte[]' does not contain a definition for 'Datos' and no accessible extension method 'Datos' accepting a first argument of type 'byte[]' could be found (are you missing a using directive or an assembly reference?) [d:\REPOSITORIO\TCU\SistemaLaCasaDeLosNinos\CasaDeLosNinos.Interfaz\CasaDeLosNinos.Interfaz.csproj]
d:\REPOSITORIO\TCU\SistemaLaCasaDeLosNinos\CasaDeLosNinos.Interfaz\Formularios\FrmEdicionCajaChica.cs(189,58): error CS1061: 'byte[]' does not contain a definition for 'Datos' and no accessible extension method 'Datos' accepting a first argument of type 'byte[]' could be found (are you missing a using directive or an assembly reference?) [d:\REPOSITORIO\TCU\SistemaLaCasaDeLosNinos\CasaDeLosNinos.Interfaz\CasaDeLosNinos.Interfaz.csproj]
    10 Warning(s)
    7 Error(s)

Time Elapsed 00:00:04.15
